// Jest Snapshot v1, https://goo.gl/fbAQLP

exports[`checking render render correctly 1`] = `
<div
  className="container-xxl"
>
  <div
    className="container"
  >
    <div
      className="text-center mx-auto mb-5 mt-3"
    >
      <h3
        className="text-secondary"
      >
        Forgot Password
      </h3>
    </div>
    <div
      className="row justify-content-center"
    >
      <div
        className="col-lg-6 "
      >
        <form
          action="#"
          onReset={[Function]}
          onSubmit={[Function]}
        >
          <div
            className="row ms-5 me-5"
          >
            <div
              className="col-12 mb-3"
            >
              <label
                className="form-label text-secondary fw-bold"
                htmlFor="userId"
              >
                Enter your email: 
              </label>
              <input
                className="form-control"
                name="userId"
                onBlur={[Function]}
                onChange={[Function]}
                placeholder="Enter your user email"
                type="email"
                value=""
              />
            </div>
            <div
              className="col-md-6 text-center mb-3"
            >
              <button
                className="form-control btn btn-secondary rounded-pill fw-bold"
                onClick={[Function]}
                type="button"
              >
                Reset
              </button>
              <div
                className="Toastify"
              />
            </div>
            <div
              className="col-md-6 text-center mb-3"
            >
              <button
                className="form-control btn btn-secondary rounded-pill fw-bold"
                onClick={[Function]}
              >
                Back
              </button>
            </div>
          </div>
        </form>
      </div>
    </div>
  </div>
</div>
`;
